---
created: "2019-08-18T22:04:50.869459Z"
creator: insta@0.10.1
source: src/stats_parser.rs
expression: result
---
(
    [
        Stat {
            name: "write_bytes",
            units: "bytes",
            samples: 9,
            min: Some(
                98303,
            ),
            max: Some(
                4194304,
            ),
            sum: Some(
                33554431,
            ),
            sumsquare: None,
        },
        Stat {
            name: "create",
            units: "reqs",
            samples: 4,
            min: None,
            max: None,
            sum: None,
            sumsquare: None,
        },
        Stat {
            name: "statfs",
            units: "reqs",
            samples: 5634,
            min: None,
            max: None,
            sum: None,
            sumsquare: None,
        },
        Stat {
            name: "get_info",
            units: "reqs",
            samples: 2,
            min: None,
            max: None,
            sum: None,
            sumsquare: None,
        },
        Stat {
            name: "connect",
            units: "reqs",
            samples: 4,
            min: None,
            max: None,
            sum: None,
            sumsquare: None,
        },
        Stat {
            name: "reconnect",
            units: "reqs",
            samples: 1,
            min: None,
            max: None,
            sum: None,
            sumsquare: None,
        },
        Stat {
            name: "disconnect",
            units: "reqs",
            samples: 3,
            min: None,
            max: None,
            sum: None,
            sumsquare: None,
        },
        Stat {
            name: "statfs",
            units: "reqs",
            samples: 18,
            min: None,
            max: None,
            sum: None,
            sumsquare: None,
        },
        Stat {
            name: "preprw",
            units: "reqs",
            samples: 9,
            min: None,
            max: None,
            sum: None,
            sumsquare: None,
        },
        Stat {
            name: "commitrw",
            units: "reqs",
            samples: 9,
            min: None,
            max: None,
            sum: None,
            sumsquare: None,
        },
        Stat {
            name: "ping",
            units: "reqs",
            samples: 1075,
            min: None,
            max: None,
            sum: None,
            sumsquare: None,
        },
    ],
    State {
        input: "",
        positioner: SourcePosition {
            line: 14,
            column: 1,
        },
    },
)
